{"turn":1,"phase":"beginning","currentPlayer":0,"winnerId":"","players":[{"id":"p1","color":"red","pawnId":"speedrunner-blue","markersTotal":10,"markersPlaced":0,"bonus":0,"hand":["move-1","armor-brainchip","move-1"],"oncePerTurn":[]},{"id":"p2","color":"blue","pawnId":"speedrunner-green","markersTotal":10,"markersPlaced":0,"bonus":0,"hand":["armor-brainchip","weapon-gunhed","move-3","move-2"],"oncePerTurn":[]}],"deck":["enemy-malware","move-2","move-2","add-on-accelerator","move-3","enemy-malware","move-2","move-3","move-1","move-1","move-1","weapon-gunhed","move-3","move-2","add-on-accelerator","move-1","move-2"],"discard":[],"blockPile":["black-market","firewall-node","data-haven","server-farm"],"eliminated":["speedrunner-yellow"],"blocks":[{"blockId":"central-core","rotation":0,"q":0,"r":0,"ownerId":"","attachments":[]}],"pawns":[{"pawnId":"speedrunner-green","ownerId":"p1","q":0,"r":0,"spaceId":"core","attachments":[]}]}